%!Adobe-FontList 1.14
%Locale:0x41e

%BeginFont
Handler:DirectoryHandler
FontType:TrueType
FontName:Entypo
FamilyName:Entypo
StyleName:Regular
FullName:Entypo Regular
MenuName:Entypo
StyleBits:0
WritingScript:Roman
OutlineFileName:C:\ERP\FlexWS1\FlexPrototype\src\assets\Font\Entypo-webfont.ttf
DataFormat:sfntData
FileLength:24840
FileModTime:1383719382
WeightClass:400
WidthClass:5
AngleClass:0
%EndFont

%BeginFont
Handler:DirectoryHandler
FontType:TrueType
FontName:MyriadWebPro-Bold
FamilyName:Myriad Web Pro
StyleName:Bold
FullName:Myriad Web Pro Bold
MenuName:Myriad Web Pro
StyleBits:2
WritingScript:Roman
OutlineFileName:C:\ERP\FlexWS1\FlexPrototype\src\assets\Font\MyriadWebPro-Bold.ttf
DataFormat:sfntData
FileLength:99356
FileModTime:1383719382
WeightClass:700
WidthClass:5
AngleClass:0
%EndFont

%BeginFont
Handler:DirectoryHandler
FontType:TrueType
FontName:MyriadWebPro
FamilyName:Myriad Web Pro
StyleName:Regular
FullName:Myriad Web Pro
MenuName:Myriad Web Pro
StyleBits:0
WritingScript:Roman
OutlineFileName:C:\ERP\FlexWS1\FlexPrototype\src\assets\Font\MyriadWebPro.ttf
DataFormat:sfntData
FileLength:93432
FileModTime:1383719382
WeightClass:400
WidthClass:5
AngleClass:0
%EndFont

%BeginFont
Handler:DirectoryHandler
FontType:TrueType
FontName:Tahoma
FamilyName:Tahoma
StyleName:Regular
FullName:Tahoma
MenuName:Tahoma
StyleBits:0
WritingScript:Roman
OutlineFileName:C:\ERP\FlexWS1\FlexPrototype\src\assets\Font\tahoma.ttf
DataFormat:sfntData
FileLength:700180
FileModTime:1383719382
WeightClass:400
WidthClass:5
AngleClass:0
%EndFont

%BeginFont
Handler:DirectoryHandler
FontType:TrueType
FontName:Tahoma-Bold
FamilyName:Tahoma
StyleName:Bold
FullName:Tahoma Bold
MenuName:Tahoma
StyleBits:2
WritingScript:Roman
OutlineFileName:C:\ERP\FlexWS1\FlexPrototype\src\assets\Font\tahomabd.ttf
DataFormat:sfntData
FileLength:648008
FileModTime:1383719382
WeightClass:700
WidthClass:5
AngleClass:0
%EndFont

%BeginFont
Handler:DirectoryHandler
FontType:TrueType
FontName:Thonburi
FamilyName:Thonburi
StyleName:Regular
FullName:Thonburi
MenuName:Thonburi
StyleBits:0
WritingScript:Roman
OutlineFileName:C:\ERP\FlexWS1\FlexPrototype\src\assets\Font\Thonburi.ttf
DataFormat:sfntData
FileLength:223404
FileModTime:1383719382
WeightClass:400
WidthClass:5
AngleClass:0
%EndFont

%BeginFont
Handler:DirectoryHandler
FontType:TrueType
FontName:Thonburi-Bold
FamilyName:Thonburi
StyleName:Bold
FullName:Thonburi Bold
MenuName:Thonburi
StyleBits:2
WritingScript:Roman
OutlineFileName:C:\ERP\FlexWS1\FlexPrototype\src\assets\Font\ThonburiBold.ttf
DataFormat:sfntData
FileLength:255412
FileModTime:1383719382
WeightClass:700
WidthClass:5
AngleClass:0
%EndFont

%BeginFont
Handler:DirectoryHandler
FontType:TrueType
FontName:WebSymbols-Regular
FamilyName:Web Symbols
StyleName:Regular
FullName:Web Symbols Regular
MenuName:Web Symbols
StyleBits:0
WritingScript:Roman
OutlineFileName:C:\ERP\FlexWS1\FlexPrototype\src\assets\Font\WebSymbols-Regular-webfont.ttf
DataFormat:sfntData
FileLength:23068
FileModTime:1383719382
WeightClass:400
WidthClass:5
AngleClass:0
%EndFont

